// Jest Snapshot v1, https://goo.gl/fbAQLP

exports[`Button should render with default props 1`] = `
<DocumentFragment>
  <div
    class="sc-AxjAm tsLrJ"
    size="1.25"
  />
</DocumentFragment>
`;
